// Jest Snapshot v1, https://goo.gl/fbAQLP

exports[`<Cart/> renders and matches snapshot 1`] = `
<header>
  <CloseButton
    onClick={[Function]}
    title="close"
  >
    <button
      className="CloseButton-sc-17kz50c-0 lnMZbo"
      onClick={[Function]}
      title="close"
    >
      Ã—
    </button>
  </CloseButton>
  <Supreme>
    <h3
      className="Supreme-sc-14ity1k-0 VygB"
    >
      Miss Coleman Berge's
       Cart
    </h3>
  </Supreme>
  <p>
    You have 
    1
     item
     in your cart.
  </p>
</header>
`;
