// Jest Snapshot v1, https://goo.gl/fbAQLP

exports[`<Item/> renders and matches the snapshot 1`] = `
<ItemStyles__Item>
  <Link
    href={
      Object {
        "pathname": "/item",
        "query": Object {
          "id": "ABC123",
        },
      }
    }
  >
    <a>
      <img
        alt="A Cool Item"
        src="dog.jpg"
      />
    </a>
  </Link>
  <Title>
    <Link
      href={
        Object {
          "pathname": "/item",
          "query": Object {
            "id": "ABC123",
          },
        }
      }
    >
      <a>
        A Cool Item
      </a>
    </Link>
  </Title>
  <PriceTag>
    $50
  </PriceTag>
  <p>
    This item is really cool!
  </p>
  <div
    className="buttonList"
  >
    <AddToCart
      id="ABC123"
    />
  </div>
</ItemStyles__Item>
`;
