// Jest Snapshot v1, https://goo.gl/fbAQLP

exports[`<TakeMyMoney/> renders and matches snapshot 1`] = `
<ReactStripeCheckout
  ComponentClass="span"
  amount={15000}
  className="StripeCheckout"
  currency="USD"
  description="Order of 3 items"
  email="Delmer.Smith@yahoo.com"
  image="dog-small.jpg"
  label="Pay With Card"
  locale="auto"
  name="Hoodify"
  reconfigureOnUpdate={false}
  stripeKey="pk_test_6yUD5q8liiWCZPF78ZQZe3Ie00ixD2vxhr"
  token={[Function]}
  triggerEvent="onClick"
>
  <span
    onClick={[Function]}
  >
    <p />
  </span>
</ReactStripeCheckout>
`;
